Compiling lib\main.dart for the Web...                          
Unexpected wasm dry run failure (255):
System.Management.Automation.RemoteException
Unhandled exception:
Unsupported operation: Cannot extract a file path from a org-dartlang-untranslatable-uri URI
#0      _Uri.toFilePath (dart:core/uri.dart:3433)
#1      DryRunSummarizer._lintChecks (package:dart2wasm/dry_run.dart:150)
#2      DryRunSummarizer.summarize (package:dart2wasm/dry_run.dart:221)
#3      compileToModule (package:dart2wasm/compile.dart:224)
<asynchronous suspension>
#4      generateWasm (package:dart2wasm/generate_wasm.dart:81)
<asynchronous suspension>
#5      main (file:///C:/b/s/w/ir/x/w/sdk/pkg/dart2wasm/bin/dart2wasm.dart:10)
<asynchronous suspension>
System.Management.Automation.RemoteException
Use --no-wasm-dry-run to disable these warnings.
Target dart2js failed: ProcessException: Process exited abnormally with exit code 1:
Error: Couldn't resolve the package 'firebase_messaging_web' in 'package:firebase_messaging_web/firebase_messaging_web.dart'.
.dart_tool/flutter_build/b81b1fad6efe782a69916ea60a23c7a8/web_plugin_registrant.dart:13:8:
Error: Not found: 'package:firebase_messaging_web/firebase_messaging_web.dart'
import 'package:firebase_messaging_web/firebase_messaging_web.dart';
       ^
.dart_tool/flutter_build/b81b1fad6efe782a69916ea60a23c7a8/web_plugin_registrant.dart:26:3:
Error: Undefined name 'FirebaseMessagingWeb'.
  FirebaseMessagingWeb.registerWith(registrar);
  ^^^^^^^^^^^^^^^^^^^^
Error: Compilation failed.
  Command: C:\Flutter1\flutter\bin\cache\dart-sdk\bin\dart.exe compile js --platform-binaries=C:\Flutter1\flutter\bin\cache\flutter_web_sdk\kernel --invoker=flutter_tool -Ddart.vm.product=true -DFLUTTER_VERSION=3.38.5 -DFLUTTER_CHANNEL=stable -DFLUTTER_GIT_URL=https://github.com/flutter/flutter.git -DFLUTTER_FRAMEWORK_REVISION=f6ff1529fd -DFLUTTER_ENGINE_REVISION=1527ae0ec5 -DFLUTTER_DART_VERSION=3.10.4 -DFLUTTER_WEB_USE_SKIA=true -DFLUTTER_WEB_USE_SKWASM=false -DFLUTTER_WEB_CANVASKIT_URL=https://www.gstatic.com/flutter-canvaskit/1527ae0ec577a4ef50e65f6fefcfc1326707d9bf/ --native-null-assertions --no-source-maps -O4 --minify -o C:\MediTrack\flutter_application_1\.dart_tool\flutter_build\b81b1fad6efe782a69916ea60a23c7a8\app.dill --packages=C:\MediTrack\flutter_application_1\.dart_tool\package_config.json --cfe-only C:\MediTrack\flutter_application_1\.dart_tool\flutter_build\b81b1fad6efe782a69916ea60a23c7a8\main.dart
#0      RunResult.throwException (package:flutter_tools/src/base/process.dart:153:5)
#1      _DefaultProcessUtils.run (package:flutter_tools/src/base/process.dart:379:19)
<asynchronous suspension>
#2      Dart2JSTarget.build (package:flutter_tools/src/build_system/targets/web.dart:207:5)
<asynchronous suspension>
#3      _BuildInstance._invokeInternal (package:flutter_tools/src/build_system/build_system.dart:895:9)
<asynchronous suspension>
#4      Future.wait.<anonymous closure> (dart:async/future.dart:546:21)
<asynchronous suspension>
#5      _BuildInstance.invokeTarget (package:flutter_tools/src/build_system/build_system.dart:833:32)
<asynchronous suspension>
#6      Future.wait.<anonymous closure> (dart:async/future.dart:546:21)
<asynchronous suspension>
#7      _BuildInstance.invokeTarget (package:flutter_tools/src/build_system/build_system.dart:833:32)
<asynchronous suspension>
#8      FlutterBuildSystem.build (package:flutter_tools/src/build_system/build_system.dart:653:16)
<asynchronous suspension>
#9      WebBuilder.buildWeb (package:flutter_tools/src/web/compile.dart:94:34)
<asynchronous suspension>
#10     BuildWebCommand.runCommand (package:flutter_tools/src/commands/build_web.dart:296:5)
<asynchronous suspension>
#11     FlutterCommand.run.<anonymous closure> (package:flutter_tools/src/runner/flutter_command.dart:1559:27)
<asynchronous suspension>
#12     AppContext.run.<anonymous closure> (package:flutter_tools/src/base/context.dart:154:19)
<asynchronous suspension>
#13     CommandRunner.runCommand (package:args/command_runner.dart:212:13)
<asynchronous suspension>
#14     FlutterCommandRunner.runCommand.<anonymous closure> (package:flutter_tools/src/runner/flutter_command_runner.dart:487:9)
<asynchronous suspension>
#15     AppContext.run.<anonymous closure> (package:flutter_tools/src/base/context.dart:154:19)
<asynchronous suspension>
#16     FlutterCommandRunner.runCommand (package:flutter_tools/src/runner/flutter_command_runner.dart:422:5)
<asynchronous suspension>
#17     run.<anonymous closure>.<anonymous closure> (package:flutter_tools/runner.dart:104:11)
<asynchronous suspension>
#18     AppContext.run.<anonymous closure> (package:flutter_tools/src/base/context.dart:154:19)
<asynchronous suspension>
#19     main (package:flutter_tools/executable.dart:103:3)
<asynchronous suspension>
System.Management.Automation.RemoteException
Compiling lib\main.dart for the Web...                             27.7s
Error: Failed to compile application for the Web.
