00:00 +0: loading C:/MediTrack/flutter_application_1/integration_test/sqlite_test.dart
Running Gradle task 'assembleDebug'...                          
flutter : integration_test/s
qlite_test.dart:36:36: 
Error: The argument type 
'MedicineModel' can't be 
assigned to the parameter 
type 'Map<String, dynamic>'.
At line:1 char:1
+ flutter test integration_t
est/sqlite_test.dart -d 
emulator-5554 > tes ...
+ ~~~~~~~~~~~~~~~~~~~~~~~~~~
~~~~~~~~~~~~~~~~~~~~~~~~~~~~
~~~~~~~~~~~~~~~
    + CategoryInfo          
    : NotSpecified: (integ  
  ration_tes...ing, dynam   
 ic>'.:String) [], Remot    
eException
    + FullyQualifiedErrorId 
    : NativeCommandError
 
 - 'MedicineModel' is from '
package:meditrack/models/med
icine_model.dart' ('lib/mode
ls/medicine_model.dart').
 - 'Map' is from 
'dart:core'.
    await dbService.insertMe
dicine(medicine);
                            
       ^
integration_test/sqlite_test
.dart:45:53: Error: The 
getter 'id' isn't defined 
for the type 'Map<String, 
dynamic>'.
 - 'Map' is from 
'dart:core'.
Try correcting the name to 
the name of an existing 
getter, or defining a 
getter or field named 'id'.
    final retrieved = 
medicines.firstWhere((m) => 
m.id == testId,
                            
                        ^^
integration_test/sqlite_test
.dart:47:22: Error: The 
getter 'medicineName' isn't 
defined for the type 
'Map<String, dynamic>'.
 - 'Map' is from 
'dart:core'.
Try correcting the name to 
the name of an existing 
getter, or defining a 
getter or field named 
'medicineName'.
    expect(retrieved.medicin
eName, 'Test Paracetamol');
                     
^^^^^^^^^^^^
integration_test/sqlite_test
.dart:51:21: Error: The 
method 'deleteMedicine' 
isn't defined for the type 
'DatabaseService'.
 - 'DatabaseService' is 
from 'package:meditrack/serv
ices/database_service.dart' 
('lib/services/database_serv
ice.dart').
Try correcting the name to 
the name of an existing 
method, or defining a 
method named 
'deleteMedicine'.
    await dbService.deleteMe
dicine(testId);
                    
^^^^^^^^^^^^^^
integration_test/sqlite_test
.dart:54:54: Error: The 
getter 'id' isn't defined 
for the type 'Map<String, 
dynamic>'.
 - 'Map' is from 
'dart:core'.
Try correcting the name to 
the name of an existing 
getter, or defining a 
getter or field named 'id'.
    final exists = medicines
AfterDelete.any((m) => m.id 
== testId);
                            
                         ^^
Target 
kernel_snapshot_program 
failed: Exception


FAILURE: Build failed with 
an exception.

* What went wrong:
Execution failed for task ':
app:compileFlutterBuildDebug
'.
> Process 'command 'C:\Flutt
er1\flutter\bin\flutter.bat'
' finished with non-zero 
exit value 1

* Try:
> Run with --stacktrace 
option to get the stack 
trace.
> Run with --info or 
--debug option to get more 
log output.
> Run with --scan to get 
full insights.
> Get more help at 
https://help.gradle.org.

BUILD FAILED in 18s
Running Gradle task 'assembleDebug'...                             19.2s
00:00 +0 -1: loading C:/MediTrack/flutter_application_1/integration_test/sqlite_test.dart [E]
  Failed to load "C:/MediTrack/flutter_application_1/integration_test/sqlite_test.dart": Gradle task assembleDebug failed with exit code 1
  package:flutter_tools/src/base/common.dart 34:3                    throwToolExit
  package:flutter_tools/src/android/gradle.dart 592:7                AndroidGradleBuilder.buildGradleApp
  ===== asynchronous gap ===========================
  package:flutter_tools/src/android/gradle.dart 234:5                AndroidGradleBuilder.buildApk
  ===== asynchronous gap ===========================
  package:flutter_tools/src/android/android_device.dart 568:7        AndroidDevice.startApp
  ===== asynchronous gap ===========================
  package:flutter_tools/src/test/integration_test_device.dart 57:39  IntegrationTestTestDevice.start
  ===== asynchronous gap ===========================
  package:flutter_tools/src/test/flutter_platform.dart 680:51        FlutterPlatform._startTest.<fn>
  ===== asynchronous gap ===========================
  package:flutter_tools/src/base/async_guard.dart 108:24             asyncGuard.<fn>
  
00:00 +0 -1: Some tests failed.
